[2026-02-10T20:16:45.821Z] [INFO] Checking for new deployments...
[2026-02-10T20:16:47.216Z] [INFO] No new deployments since last check.
[2026-02-10T20:52:12.577Z] [INFO] Checking for new deployments...
[2026-02-10T20:52:17.042Z] [INFO] No new deployments since last check.
[dotenv@17.2.4] injecting env (6) from .env -- tip: 🔐 prevent committing .env to code: https://dotenvx.com/precommit
[2026-02-10T20:53:03.332Z] [INFO] Checking for new deployments...
[2026-02-10T20:53:03.332Z] [INFO] Checking for new deployments...
[2026-02-10T20:53:04.705Z] [INFO] No new deployments since last check.
[2026-02-10T20:53:04.705Z] [INFO] No new deployments since last check.
[2026-02-10T20:58:27.481Z] [INFO] Checking for new deployments...
[2026-02-10T20:58:28.692Z] [INFO] New deployment detected: @AiCrypts
[2026-02-10T20:58:29.628Z] [INFO] Telegram alert sent for project: @AiCrypts
[2026-02-10T20:58:29.629Z] [INFO] New deployment detected: @bananagun
[2026-02-10T20:58:29.978Z] [INFO] Telegram alert sent for project: @bananagun
[2026-02-10T20:58:29.978Z] [INFO] Found 2 new deployment(s)
/home/kuusho/ideation-labs/megashETH-labs/deployment-tracker/run-tracker.sh: line 4: node: command not found
/home/kuusho/ideation-labs/megashETH-labs/deployment-tracker/run-tracker.sh: line 4: node: command not found
[2026-02-10T21:12:12.728Z] [INFO] Starting backfill for last 300 tweets...
[2026-02-10T21:12:13.384Z] [INFO] Fetching up to 300 tweets from @megaeth...
[2026-02-10T21:12:14.079Z] [INFO] Fetched 100 tweets so far...
[2026-02-10T21:12:15.726Z] [INFO] Fetched 200 tweets so far...
[2026-02-10T21:12:17.596Z] [INFO] Fetched 300 tweets so far...
[2026-02-10T21:12:18.599Z] [INFO] Total tweets fetched: 300
[2026-02-10T21:12:18.599Z] [INFO] New deployment detected: @AiCrypts (2026-02-09T21:08:06.000Z)
[2026-02-10T21:12:19.968Z] [INFO] Telegram alert sent for project: @AiCrypts
[2026-02-10T21:12:20.468Z] [INFO] New deployment detected: @bananagun (2026-02-09T15:48:28.000Z)
[2026-02-10T21:12:20.837Z] [INFO] Telegram alert sent for project: @bananagun
[2026-02-10T21:12:21.338Z] [INFO] New deployment detected: @OffshoreOnMega (2026-02-09T15:16:58.000Z)
[2026-02-10T21:12:21.678Z] [INFO] Telegram alert sent for project: @OffshoreOnMega
[2026-02-10T21:12:22.179Z] [INFO] New deployment detected: @realtime_defi (2026-02-09T05:00:11.000Z)
[2026-02-10T21:12:22.442Z] [ERROR] Failed to send Telegram alert: ETELEGRAM: 400 Bad Request: can't parse entities: Can't find end of the entity starting at byte offset 86
[2026-02-10T21:12:22.442Z] [INFO] New deployment detected: @clutchpredict (2026-02-08T22:23:07.000Z)
[2026-02-10T21:12:22.810Z] [INFO] Telegram alert sent for project: @clutchpredict
[2026-02-10T21:12:23.309Z] [INFO] New deployment detected: @mrdn_finance (2026-02-08T21:33:03.000Z)
[2026-02-10T21:12:23.562Z] [ERROR] Failed to send Telegram alert: ETELEGRAM: 400 Bad Request: can't parse entities: Can't find end of the entity starting at byte offset 82
[2026-02-10T21:12:23.563Z] [INFO] New deployment detected: @fasterdotfun (2026-02-08T20:08:09.000Z)
[2026-02-10T21:12:23.915Z] [INFO] Telegram alert sent for project: @fasterdotfun
[2026-02-10T21:12:24.416Z] [INFO] New deployment detected: @PriorityTrade_ (2026-02-08T18:23:35.000Z)
[2026-02-10T21:12:24.671Z] [ERROR] Failed to send Telegram alert: ETELEGRAM: 400 Bad Request: can't parse entities: Can't find end of the entity starting at byte offset 91
[2026-02-10T21:12:24.672Z] [INFO] New deployment detected: @BasedTradingBot (2026-02-08T07:39:26.000Z)
[2026-02-10T21:12:25.025Z] [INFO] Telegram alert sent for project: @BasedTradingBot
[2026-02-10T21:12:25.526Z] [INFO] New deployment detected: @GainsNetwork_io (2026-02-07T21:20:59.000Z)
[2026-02-10T21:12:25.784Z] [ERROR] Failed to send Telegram alert: ETELEGRAM: 400 Bad Request: can't parse entities: Can't find end of the entity starting at byte offset 90
[2026-02-10T21:12:25.785Z] [INFO] New deployment detected: @mtrkr_xyz (2026-02-07T19:46:29.000Z)
[2026-02-10T21:12:26.041Z] [ERROR] Failed to send Telegram alert: ETELEGRAM: 400 Bad Request: can't parse entities: Can't find end of the entity starting at byte offset 83
[2026-02-10T21:12:26.041Z] [INFO] New deployment detected: @premarket_xyz (2026-02-07T17:09:00.000Z)
[2026-02-10T21:12:26.298Z] [ERROR] Failed to send Telegram alert: ETELEGRAM: 400 Bad Request: can't parse entities: Can't find end of the entity starting at byte offset 87
[2026-02-10T21:12:26.298Z] [INFO] New deployment detected: @SupernovaLabs_ (2026-02-07T16:29:42.000Z)
[2026-02-10T21:12:26.552Z] [ERROR] Failed to send Telegram alert: ETELEGRAM: 400 Bad Request: can't parse entities: Can't find end of the entity starting at byte offset 91
[2026-02-10T21:12:26.552Z] [INFO] New deployment detected: @chainlink (2026-02-06T17:04:04.000Z)
[2026-02-10T21:12:26.870Z] [INFO] Telegram alert sent for project: @chainlink
[2026-02-10T21:12:27.370Z] [INFO] New deployment detected: @birdeye_so (2026-02-06T13:09:23.000Z)
[2026-02-10T21:12:27.622Z] [ERROR] Failed to send Telegram alert: ETELEGRAM: 400 Bad Request: can't parse entities: Can't find end of the entity starting at byte offset 85
[2026-02-10T21:12:27.623Z] [INFO] New deployment detected: @infinex (2026-02-06T09:42:04.000Z)
[2026-02-10T21:12:27.959Z] [INFO] Telegram alert sent for project: @infinex
[2026-02-10T21:12:28.460Z] [INFO] New deployment detected: @avon_xyz (2026-02-05T22:14:52.000Z)
[2026-02-10T21:12:28.715Z] [ERROR] Failed to send Telegram alert: ETELEGRAM: 400 Bad Request: can't parse entities: Can't find end of the entity starting at byte offset 82
[2026-02-10T21:12:28.716Z] [INFO] New deployment detected: @aave (2026-02-05T20:15:57.000Z)
[2026-02-10T21:12:29.045Z] [INFO] Telegram alert sent for project: @aave
[2026-02-10T21:12:29.546Z] [INFO] New deployment detected: @AvailProject (2026-02-05T14:39:56.000Z)
[2026-02-10T21:12:29.913Z] [INFO] Telegram alert sent for project: @AvailProject
[2026-02-10T21:12:30.413Z] [INFO] New deployment detected: @BungeeExchange (2026-02-04T23:26:37.000Z)
[2026-02-10T21:12:30.803Z] [INFO] Telegram alert sent for project: @BungeeExchange
[2026-02-10T21:12:31.303Z] [INFO] New deployment detected: @warpexchange (2026-02-04T02:24:11.000Z)
[2026-02-10T21:12:31.794Z] [INFO] Telegram alert sent for project: @warpexchange
[2026-02-10T21:12:32.300Z] [INFO] New deployment detected: @aori_io (2026-01-30T14:52:45.000Z)
[2026-02-10T21:12:32.567Z] [ERROR] Failed to send Telegram alert: ETELEGRAM: 400 Bad Request: can't parse entities: Can't find end of the entity starting at byte offset 82
[2026-02-10T21:12:32.567Z] [INFO] New deployment detected: @SectorOneDEX (2026-01-25T18:48:55.000Z)
[2026-02-10T21:12:32.919Z] [INFO] Telegram alert sent for project: @SectorOneDEX
[2026-02-10T21:12:33.420Z] [INFO] New deployment detected: @AveForge (2026-01-23T16:19:18.000Z)
[2026-02-10T21:12:33.815Z] [INFO] Telegram alert sent for project: @AveForge
[2026-02-10T21:12:34.316Z] [INFO] New deployment detected: @PrismFi_ (2026-01-23T14:00:11.000Z)
[2026-02-10T21:12:34.569Z] [ERROR] Failed to send Telegram alert: ETELEGRAM: 400 Bad Request: can't parse entities: Can't find end of the entity starting at byte offset 85
[2026-02-10T21:12:34.569Z] [INFO] New deployment detected: @telisxyz (2026-01-21T15:42:23.000Z)
[2026-02-10T21:12:34.895Z] [INFO] Telegram alert sent for project: @telisxyz
[2026-02-10T21:12:35.395Z] [INFO] New deployment detected: @TopStrikeIO (2026-01-20T16:37:18.000Z)
[2026-02-10T21:12:35.768Z] [INFO] Telegram alert sent for project: @TopStrikeIO
[2026-02-10T21:12:36.269Z] [INFO] New deployment detected: @hitdotone (2026-01-20T13:59:01.000Z)
[2026-02-10T21:12:36.617Z] [INFO] Telegram alert sent for project: @hitdotone
[2026-02-10T21:12:37.118Z] [INFO] New deployment detected: @thewarren_app (2026-01-16T13:36:55.000Z)
[2026-02-10T21:12:37.375Z] [ERROR] Failed to send Telegram alert: ETELEGRAM: 400 Bad Request: can't parse entities: Can't find end of the entity starting at byte offset 87
[2026-02-10T21:12:37.375Z] [INFO] New deployment detected: @smasherdotfun (2026-01-15T16:50:00.000Z)
[2026-02-10T21:12:37.721Z] [INFO] Telegram alert sent for project: @smasherdotfun
[2026-02-10T21:12:38.222Z] [INFO] New deployment detected: @LidoFinance (2026-01-13T16:15:21.000Z)
[2026-02-10T21:12:38.549Z] [INFO] Telegram alert sent for project: @LidoFinance
[2026-02-10T21:12:39.050Z] [INFO] New deployment detected: @wcm_inc (2026-01-12T15:11:06.000Z)
[2026-02-10T21:12:39.306Z] [ERROR] Failed to send Telegram alert: ETELEGRAM: 400 Bad Request: can't parse entities: Can't find end of the entity starting at byte offset 81
[2026-02-10T21:12:39.306Z] [INFO] New deployment detected: @kumbaya_xyz (2026-01-08T14:32:54.000Z)
[2026-02-10T21:12:39.559Z] [ERROR] Failed to send Telegram alert: ETELEGRAM: 400 Bad Request: can't parse entities: Can't find end of the entity starting at byte offset 85
[2026-02-10T21:12:39.559Z] [INFO] New deployment detected: @unknown (2026-01-07T13:57:25.000Z)
[2026-02-10T21:12:39.959Z] [INFO] Telegram alert sent for project: @null
[2026-02-10T21:12:40.460Z] [INFO] New deployment detected: @stompdotgg (2026-01-06T16:04:01.000Z)
[2026-02-10T21:12:40.733Z] [ERROR] Failed to send Telegram alert: ETELEGRAM: 429 Too Many Requests: retry after 37
[2026-02-10T21:12:40.734Z] [INFO] New deployment detected: @capmoney_ (2026-01-05T14:01:54.000Z)
[2026-02-10T21:12:40.990Z] [ERROR] Failed to send Telegram alert: ETELEGRAM: 400 Bad Request: can't parse entities: Can't find end of the entity starting at byte offset 86
[2026-02-10T21:12:40.991Z] [INFO] ✅ BACKFILL COMPLETE: Found 36 new deployment(s)
[2026-02-10T21:12:40.991Z] [INFO] Total deployments in database: 36
/home/kuusho/ideation-labs/megashETH-labs/deployment-tracker/run-tracker.sh: line 4: node: command not found
/home/kuusho/ideation-labs/megashETH-labs/deployment-tracker/run-tracker.sh: line 4: node: command not found
/home/kuusho/ideation-labs/megashETH-labs/deployment-tracker/run-tracker.sh: line 4: node: command not found
/home/kuusho/ideation-labs/megashETH-labs/deployment-tracker/run-tracker.sh: line 4: node: command not found
/home/kuusho/ideation-labs/megashETH-labs/deployment-tracker/run-tracker.sh: line 4: node: command not found
/home/kuusho/ideation-labs/megashETH-labs/deployment-tracker/run-tracker.sh: line 4: node: command not found
/home/kuusho/ideation-labs/megashETH-labs/deployment-tracker/run-tracker.sh: line 4: node: command not found
/home/kuusho/ideation-labs/megashETH-labs/deployment-tracker/run-tracker.sh: line 4: node: command not found
/home/kuusho/ideation-labs/megashETH-labs/deployment-tracker/run-tracker.sh: line 4: node: command not found
/home/kuusho/ideation-labs/megashETH-labs/deployment-tracker/run-tracker.sh: line 4: node: command not found
/home/kuusho/ideation-labs/megashETH-labs/deployment-tracker/run-tracker.sh: line 4: node: command not found
/home/kuusho/ideation-labs/megashETH-labs/deployment-tracker/run-tracker.sh: line 4: node: command not found
/home/kuusho/ideation-labs/megashETH-labs/deployment-tracker/run-tracker.sh: line 4: node: command not found
/home/kuusho/ideation-labs/megashETH-labs/deployment-tracker/run-tracker.sh: line 4: node: command not found
/home/kuusho/ideation-labs/megashETH-labs/deployment-tracker/run-tracker.sh: line 4: node: command not found
/home/kuusho/ideation-labs/megashETH-labs/deployment-tracker/run-tracker.sh: line 4: node: command not found
/home/kuusho/ideation-labs/megashETH-labs/deployment-tracker/run-tracker.sh: line 4: node: command not found
/home/kuusho/ideation-labs/megashETH-labs/deployment-tracker/run-tracker.sh: line 4: node: command not found
/home/kuusho/ideation-labs/megashETH-labs/deployment-tracker/run-tracker.sh: line 4: node: command not found
/home/kuusho/ideation-labs/megashETH-labs/deployment-tracker/run-tracker.sh: line 4: node: command not found
/home/kuusho/ideation-labs/megashETH-labs/deployment-tracker/run-tracker.sh: line 4: node: command not found
/home/kuusho/ideation-labs/megashETH-labs/deployment-tracker/run-tracker.sh: line 4: node: command not found
/home/kuusho/ideation-labs/megashETH-labs/deployment-tracker/run-tracker.sh: line 4: node: command not found
/home/kuusho/ideation-labs/megashETH-labs/deployment-tracker/run-tracker.sh: line 4: node: command not found
/home/kuusho/ideation-labs/megashETH-labs/deployment-tracker/run-tracker.sh: line 4: node: command not found
/home/kuusho/ideation-labs/megashETH-labs/deployment-tracker/run-tracker.sh: line 4: node: command not found
/home/kuusho/ideation-labs/megashETH-labs/deployment-tracker/run-tracker.sh: line 4: node: command not found
/home/kuusho/ideation-labs/megashETH-labs/deployment-tracker/run-tracker.sh: line 4: node: command not found
/home/kuusho/ideation-labs/megashETH-labs/deployment-tracker/run-tracker.sh: line 4: node: command not found
/home/kuusho/ideation-labs/megashETH-labs/deployment-tracker/run-tracker.sh: line 4: node: command not found
/home/kuusho/ideation-labs/megashETH-labs/deployment-tracker/run-tracker.sh: line 4: node: command not found
/home/kuusho/ideation-labs/megashETH-labs/deployment-tracker/run-tracker.sh: line 4: node: command not found
/home/kuusho/ideation-labs/megashETH-labs/deployment-tracker/run-tracker.sh: line 4: node: command not found
/home/kuusho/ideation-labs/megashETH-labs/deployment-tracker/run-tracker.sh: line 4: node: command not found
/home/kuusho/ideation-labs/megashETH-labs/deployment-tracker/run-tracker.sh: line 4: node: command not found
/home/kuusho/ideation-labs/megashETH-labs/deployment-tracker/run-tracker.sh: line 4: node: command not found
/home/kuusho/ideation-labs/megashETH-labs/deployment-tracker/run-tracker.sh: line 4: node: command not found
/home/kuusho/ideation-labs/megashETH-labs/deployment-tracker/run-tracker.sh: line 4: node: command not found
/home/kuusho/ideation-labs/megashETH-labs/deployment-tracker/run-tracker.sh: line 4: node: command not found
/home/kuusho/ideation-labs/megashETH-labs/deployment-tracker/run-tracker.sh: line 4: node: command not found
/home/kuusho/ideation-labs/megashETH-labs/deployment-tracker/run-tracker.sh: line 4: node: command not found
/home/kuusho/ideation-labs/megashETH-labs/deployment-tracker/run-tracker.sh: line 4: node: command not found
/home/kuusho/ideation-labs/megashETH-labs/deployment-tracker/run-tracker.sh: line 4: node: command not found
/home/kuusho/ideation-labs/megashETH-labs/deployment-tracker/run-tracker.sh: line 4: node: command not found
/home/kuusho/ideation-labs/megashETH-labs/deployment-tracker/run-tracker.sh: line 4: node: command not found
/home/kuusho/ideation-labs/megashETH-labs/deployment-tracker/run-tracker.sh: line 4: node: command not found
/home/kuusho/ideation-labs/megashETH-labs/deployment-tracker/run-tracker.sh: line 4: node: command not found
/home/kuusho/ideation-labs/megashETH-labs/deployment-tracker/run-tracker.sh: line 4: node: command not found
/home/kuusho/ideation-labs/megashETH-labs/deployment-tracker/run-tracker.sh: line 4: node: command not found
/home/kuusho/ideation-labs/megashETH-labs/deployment-tracker/run-tracker.sh: line 4: node: command not found
/home/kuusho/ideation-labs/megashETH-labs/deployment-tracker/run-tracker.sh: line 4: node: command not found
/home/kuusho/ideation-labs/megashETH-labs/deployment-tracker/run-tracker.sh: line 4: node: command not found
/home/kuusho/ideation-labs/megashETH-labs/deployment-tracker/run-tracker.sh: line 4: node: command not found
/home/kuusho/ideation-labs/megashETH-labs/deployment-tracker/run-tracker.sh: line 4: node: command not found
/home/kuusho/ideation-labs/megashETH-labs/deployment-tracker/run-tracker.sh: line 4: node: command not found
/home/kuusho/ideation-labs/megashETH-labs/deployment-tracker/run-tracker.sh: line 4: node: command not found
/home/kuusho/ideation-labs/megashETH-labs/deployment-tracker/run-tracker.sh: line 4: node: command not found
/home/kuusho/ideation-labs/megashETH-labs/deployment-tracker/run-tracker.sh: line 4: node: command not found
/home/kuusho/ideation-labs/megashETH-labs/deployment-tracker/run-tracker.sh: line 4: node: command not found
/home/kuusho/ideation-labs/megashETH-labs/deployment-tracker/run-tracker.sh: line 4: node: command not found
/home/kuusho/ideation-labs/megashETH-labs/deployment-tracker/run-tracker.sh: line 4: node: command not found
/home/kuusho/ideation-labs/megashETH-labs/deployment-tracker/run-tracker.sh: line 4: node: command not found
/home/kuusho/ideation-labs/megashETH-labs/deployment-tracker/run-tracker.sh: line 4: node: command not found
/home/kuusho/ideation-labs/megashETH-labs/deployment-tracker/run-tracker.sh: line 4: node: command not found
/home/kuusho/ideation-labs/megashETH-labs/deployment-tracker/run-tracker.sh: line 4: node: command not found
/home/kuusho/ideation-labs/megashETH-labs/deployment-tracker/run-tracker.sh: line 4: node: command not found
/home/kuusho/ideation-labs/megashETH-labs/deployment-tracker/run-tracker.sh: line 4: node: command not found
/home/kuusho/ideation-labs/megashETH-labs/deployment-tracker/run-tracker.sh: line 4: node: command not found
/home/kuusho/ideation-labs/megashETH-labs/deployment-tracker/run-tracker.sh: line 4: node: command not found
/home/kuusho/ideation-labs/megashETH-labs/deployment-tracker/run-tracker.sh: line 4: node: command not found
/home/kuusho/ideation-labs/megashETH-labs/deployment-tracker/run-tracker.sh: line 4: node: command not found
/home/kuusho/ideation-labs/megashETH-labs/deployment-tracker/run-tracker.sh: line 4: node: command not found
/home/kuusho/ideation-labs/megashETH-labs/deployment-tracker/run-tracker.sh: line 4: node: command not found
/home/kuusho/ideation-labs/megashETH-labs/deployment-tracker/run-tracker.sh: line 4: node: command not found
/home/kuusho/ideation-labs/megashETH-labs/deployment-tracker/run-tracker.sh: line 4: node: command not found
/home/kuusho/ideation-labs/megashETH-labs/deployment-tracker/run-tracker.sh: line 4: node: command not found
/home/kuusho/ideation-labs/megashETH-labs/deployment-tracker/run-tracker.sh: line 4: node: command not found
/home/kuusho/ideation-labs/megashETH-labs/deployment-tracker/run-tracker.sh: line 4: node: command not found
/home/kuusho/ideation-labs/megashETH-labs/deployment-tracker/run-tracker.sh: line 4: node: command not found
/home/kuusho/ideation-labs/megashETH-labs/deployment-tracker/run-tracker.sh: line 4: node: command not found
/home/kuusho/ideation-labs/megashETH-labs/deployment-tracker/run-tracker.sh: line 4: node: command not found
/home/kuusho/ideation-labs/megashETH-labs/deployment-tracker/run-tracker.sh: line 4: node: command not found
/home/kuusho/ideation-labs/megashETH-labs/deployment-tracker/run-tracker.sh: line 4: node: command not found
/home/kuusho/ideation-labs/megashETH-labs/deployment-tracker/run-tracker.sh: line 4: node: command not found
/home/kuusho/ideation-labs/megashETH-labs/deployment-tracker/run-tracker.sh: line 4: node: command not found
/home/kuusho/ideation-labs/megashETH-labs/deployment-tracker/run-tracker.sh: line 4: node: command not found
/home/kuusho/ideation-labs/megashETH-labs/deployment-tracker/run-tracker.sh: line 4: node: command not found
/home/kuusho/ideation-labs/megashETH-labs/deployment-tracker/run-tracker.sh: line 4: node: command not found
/home/kuusho/ideation-labs/megashETH-labs/deployment-tracker/run-tracker.sh: line 4: node: command not found
/home/kuusho/ideation-labs/megashETH-labs/deployment-tracker/run-tracker.sh: line 4: node: command not found
/home/kuusho/ideation-labs/megashETH-labs/deployment-tracker/run-tracker.sh: line 4: node: command not found
/home/kuusho/ideation-labs/megashETH-labs/deployment-tracker/run-tracker.sh: line 4: node: command not found
/home/kuusho/ideation-labs/megashETH-labs/deployment-tracker/run-tracker.sh: line 4: node: command not found
/home/kuusho/ideation-labs/megashETH-labs/deployment-tracker/run-tracker.sh: line 4: node: command not found
/home/kuusho/ideation-labs/megashETH-labs/deployment-tracker/run-tracker.sh: line 4: node: command not found
/home/kuusho/ideation-labs/megashETH-labs/deployment-tracker/run-tracker.sh: line 4: node: command not found
/home/kuusho/ideation-labs/megashETH-labs/deployment-tracker/run-tracker.sh: line 4: node: command not found
/home/kuusho/ideation-labs/megashETH-labs/deployment-tracker/run-tracker.sh: line 4: node: command not found
/home/kuusho/ideation-labs/megashETH-labs/deployment-tracker/run-tracker.sh: line 4: node: command not found
/home/kuusho/ideation-labs/megashETH-labs/deployment-tracker/run-tracker.sh: line 4: node: command not found
/home/kuusho/ideation-labs/megashETH-labs/deployment-tracker/run-tracker.sh: line 4: node: command not found
/home/kuusho/ideation-labs/megashETH-labs/deployment-tracker/run-tracker.sh: line 4: node: command not found
/home/kuusho/ideation-labs/megashETH-labs/deployment-tracker/run-tracker.sh: line 4: node: command not found
/home/kuusho/ideation-labs/megashETH-labs/deployment-tracker/run-tracker.sh: line 4: node: command not found
/home/kuusho/ideation-labs/megashETH-labs/deployment-tracker/run-tracker.sh: line 4: node: command not found
/home/kuusho/ideation-labs/megashETH-labs/deployment-tracker/run-tracker.sh: line 4: node: command not found
/home/kuusho/ideation-labs/megashETH-labs/deployment-tracker/run-tracker.sh: line 4: node: command not found
/home/kuusho/ideation-labs/megashETH-labs/deployment-tracker/run-tracker.sh: line 4: node: command not found
/home/kuusho/ideation-labs/megashETH-labs/deployment-tracker/run-tracker.sh: line 4: node: command not found
/home/kuusho/ideation-labs/megashETH-labs/deployment-tracker/run-tracker.sh: line 4: node: command not found
/home/kuusho/ideation-labs/megashETH-labs/deployment-tracker/run-tracker.sh: line 4: node: command not found
/home/kuusho/ideation-labs/megashETH-labs/deployment-tracker/run-tracker.sh: line 4: node: command not found
/home/kuusho/ideation-labs/megashETH-labs/deployment-tracker/run-tracker.sh: line 4: node: command not found
/home/kuusho/ideation-labs/megashETH-labs/deployment-tracker/run-tracker.sh: line 4: node: command not found
/home/kuusho/ideation-labs/megashETH-labs/deployment-tracker/run-tracker.sh: line 4: node: command not found
/home/kuusho/ideation-labs/megashETH-labs/deployment-tracker/run-tracker.sh: line 4: node: command not found
/home/kuusho/ideation-labs/megashETH-labs/deployment-tracker/run-tracker.sh: line 4: node: command not found
/home/kuusho/ideation-labs/megashETH-labs/deployment-tracker/run-tracker.sh: line 4: node: command not found
/home/kuusho/ideation-labs/megashETH-labs/deployment-tracker/run-tracker.sh: line 4: node: command not found
/home/kuusho/ideation-labs/megashETH-labs/deployment-tracker/run-tracker.sh: line 4: node: command not found
/home/kuusho/ideation-labs/megashETH-labs/deployment-tracker/run-tracker.sh: line 4: node: command not found
/home/kuusho/ideation-labs/megashETH-labs/deployment-tracker/run-tracker.sh: line 4: node: command not found
/home/kuusho/ideation-labs/megashETH-labs/deployment-tracker/run-tracker.sh: line 4: node: command not found
/home/kuusho/ideation-labs/megashETH-labs/deployment-tracker/run-tracker.sh: line 4: node: command not found
/home/kuusho/ideation-labs/megashETH-labs/deployment-tracker/run-tracker.sh: line 4: node: command not found
/home/kuusho/ideation-labs/megashETH-labs/deployment-tracker/run-tracker.sh: line 4: node: command not found
/home/kuusho/ideation-labs/megashETH-labs/deployment-tracker/run-tracker.sh: line 4: node: command not found
/home/kuusho/ideation-labs/megashETH-labs/deployment-tracker/run-tracker.sh: line 4: node: command not found
/home/kuusho/ideation-labs/megashETH-labs/deployment-tracker/run-tracker.sh: line 4: node: command not found
/home/kuusho/ideation-labs/megashETH-labs/deployment-tracker/run-tracker.sh: line 4: node: command not found
/home/kuusho/ideation-labs/megashETH-labs/deployment-tracker/run-tracker.sh: line 4: node: command not found
/home/kuusho/ideation-labs/megashETH-labs/deployment-tracker/run-tracker.sh: line 4: node: command not found
/home/kuusho/ideation-labs/megashETH-labs/deployment-tracker/run-tracker.sh: line 4: node: command not found
/home/kuusho/ideation-labs/megashETH-labs/deployment-tracker/run-tracker.sh: line 4: node: command not found
/home/kuusho/ideation-labs/megashETH-labs/deployment-tracker/run-tracker.sh: line 4: node: command not found
/home/kuusho/ideation-labs/megashETH-labs/deployment-tracker/run-tracker.sh: line 4: node: command not found
/home/kuusho/ideation-labs/megashETH-labs/deployment-tracker/run-tracker.sh: line 4: node: command not found
/home/kuusho/ideation-labs/megashETH-labs/deployment-tracker/run-tracker.sh: line 4: node: command not found
[2026-02-16T20:44:15.719Z] [INFO] Checking for new deployments...
[2026-02-16T20:44:17.038Z] [INFO] No new deployments since last check.
[2026-02-16T20:44:55.682Z] [INFO] Checking for new deployments...
[2026-02-16T20:44:56.978Z] [INFO] No new deployments since last check.
[2026-02-16T20:44:58.167Z] [INFO] Checking for new deployments...
[2026-02-16T20:44:59.433Z] [INFO] No new deployments since last check.
[2026-02-16T20:45:00.576Z] [INFO] Checking for new deployments...
[2026-02-16T20:45:01.694Z] [INFO] No new deployments since last check.
[2026-02-16T20:58:53.227Z] [INFO] Checking for new deployments...
[2026-02-16T20:58:54.464Z] [INFO] No new deployments since last check.
[2026-02-16T20:59:55.826Z] [INFO] Checking for new deployments...
[2026-02-16T20:59:57.027Z] [INFO] No new deployments since last check.
[2026-02-16T21:00:00.533Z] [INFO] Checking for new deployments...
[2026-02-16T21:00:01.828Z] [INFO] No new deployments since last check.
[2026-02-16T21:13:53.795Z] [INFO] Checking for new deployments...
[2026-02-16T21:13:54.977Z] [INFO] No new deployments since last check.
[2026-02-16T21:14:55.623Z] [INFO] Checking for new deployments...
[2026-02-16T21:14:56.819Z] [INFO] No new deployments since last check.
[2026-02-16T21:15:00.410Z] [INFO] Checking for new deployments...
[2026-02-16T21:15:01.709Z] [INFO] No new deployments since last check.
[2026-02-16T21:28:53.701Z] [INFO] Checking for new deployments...
[2026-02-16T21:28:55.098Z] [INFO] No new deployments since last check.
[2026-02-16T21:29:55.932Z] [INFO] Checking for new deployments...
[2026-02-16T21:29:57.146Z] [INFO] No new deployments since last check.
[2026-02-16T21:30:00.437Z] [INFO] Checking for new deployments...
[2026-02-16T21:30:01.693Z] [INFO] No new deployments since last check.
[2026-02-16T21:43:53.692Z] [INFO] Checking for new deployments...
[2026-02-16T21:43:54.887Z] [INFO] No new deployments since last check.
[2026-02-16T21:44:55.914Z] [INFO] Checking for new deployments...
[2026-02-16T21:44:57.146Z] [INFO] No new deployments since last check.
[2026-02-16T21:45:00.459Z] [INFO] Checking for new deployments...
[2026-02-16T21:45:01.614Z] [INFO] No new deployments since last check.
[2026-02-16T21:58:52.077Z] [INFO] Checking for new deployments...
[2026-02-16T21:58:53.291Z] [INFO] No new deployments since last check.
[2026-02-16T21:59:55.614Z] [INFO] Checking for new deployments...
[2026-02-16T21:59:56.867Z] [INFO] No new deployments since last check.
[2026-02-16T22:00:00.430Z] [INFO] Checking for new deployments...
[2026-02-16T22:00:01.633Z] [INFO] No new deployments since last check.
[2026-02-16T22:13:53.566Z] [INFO] Checking for new deployments...
[2026-02-16T22:13:55.015Z] [INFO] No new deployments since last check.
[2026-02-16T22:14:55.524Z] [INFO] Checking for new deployments...
[2026-02-16T22:14:56.730Z] [INFO] No new deployments since last check.
[2026-02-16T22:15:00.415Z] [INFO] Checking for new deployments...
[2026-02-16T22:15:01.667Z] [INFO] No new deployments since last check.
[2026-02-16T22:28:52.400Z] [INFO] Checking for new deployments...
[2026-02-16T22:28:53.749Z] [INFO] No new deployments since last check.
[2026-02-16T22:29:55.746Z] [INFO] Checking for new deployments...
[2026-02-16T22:29:56.909Z] [INFO] No new deployments since last check.
[2026-02-16T22:30:00.490Z] [INFO] Checking for new deployments...
[2026-02-16T22:30:01.639Z] [INFO] No new deployments since last check.
[2026-02-16T22:43:51.740Z] [INFO] Checking for new deployments...
[2026-02-16T22:43:52.898Z] [INFO] No new deployments since last check.
[2026-02-16T22:44:55.791Z] [INFO] Checking for new deployments...
[2026-02-16T22:44:57.017Z] [INFO] No new deployments since last check.
[2026-02-16T22:45:00.393Z] [INFO] Checking for new deployments...
[2026-02-16T22:45:01.507Z] [INFO] No new deployments since last check.
[2026-02-16T22:58:51.204Z] [INFO] Checking for new deployments...
[2026-02-16T22:58:52.465Z] [INFO] No new deployments since last check.
[2026-02-16T22:59:53.264Z] [INFO] Checking for new deployments...
[2026-02-16T22:59:54.480Z] [INFO] No new deployments since last check.
[2026-02-16T22:59:57.994Z] [INFO] Checking for new deployments...
[2026-02-16T22:59:59.226Z] [INFO] No new deployments since last check.
[2026-02-16T23:00:00.527Z] [INFO] Checking for new deployments...
[2026-02-16T23:00:01.701Z] [INFO] No new deployments since last check.
[2026-02-16T23:13:50.608Z] [INFO] Checking for new deployments...
[2026-02-16T23:13:51.818Z] [INFO] No new deployments since last check.
[2026-02-16T23:14:55.738Z] [INFO] Checking for new deployments...
[2026-02-16T23:14:56.889Z] [INFO] No new deployments since last check.
[2026-02-16T23:15:00.452Z] [INFO] Checking for new deployments...
[2026-02-16T23:15:01.690Z] [INFO] No new deployments since last check.
[2026-02-16T23:28:51.157Z] [INFO] Checking for new deployments...
[2026-02-16T23:28:52.469Z] [INFO] No new deployments since last check.
[2026-02-16T23:29:55.657Z] [INFO] Checking for new deployments...
[2026-02-16T23:29:56.940Z] [INFO] No new deployments since last check.
[2026-02-16T23:30:00.459Z] [INFO] Checking for new deployments...
[2026-02-16T23:30:01.585Z] [INFO] No new deployments since last check.
[2026-02-16T23:43:50.223Z] [INFO] Checking for new deployments...
[2026-02-16T23:43:51.551Z] [INFO] No new deployments since last check.
[2026-02-16T23:44:55.804Z] [INFO] Checking for new deployments...
[2026-02-16T23:44:56.972Z] [INFO] No new deployments since last check.
[2026-02-16T23:45:00.383Z] [INFO] Checking for new deployments...
[2026-02-16T23:45:01.542Z] [INFO] No new deployments since last check.
[2026-02-16T23:58:49.674Z] [INFO] Checking for new deployments...
[2026-02-16T23:58:50.990Z] [INFO] No new deployments since last check.
[2026-02-16T23:59:52.966Z] [INFO] Checking for new deployments...
[2026-02-16T23:59:54.125Z] [INFO] No new deployments since last check.
[2026-02-17T00:00:00.524Z] [INFO] Checking for new deployments...
[2026-02-17T00:00:01.637Z] [INFO] No new deployments since last check.
[2026-02-17T00:13:49.165Z] [INFO] Checking for new deployments...
[2026-02-17T00:13:50.389Z] [INFO] No new deployments since last check.
[2026-02-17T00:14:55.574Z] [INFO] Checking for new deployments...
[2026-02-17T00:14:56.752Z] [INFO] No new deployments since last check.
[2026-02-17T00:15:00.387Z] [INFO] Checking for new deployments...
[2026-02-17T00:15:01.512Z] [INFO] No new deployments since last check.
[2026-02-17T00:28:48.917Z] [INFO] Checking for new deployments...
[2026-02-17T00:28:50.186Z] [INFO] No new deployments since last check.
[2026-02-17T00:29:55.483Z] [INFO] Checking for new deployments...
[2026-02-17T00:29:56.682Z] [INFO] No new deployments since last check.
[2026-02-17T00:30:00.592Z] [INFO] Checking for new deployments...
[2026-02-17T00:30:01.750Z] [INFO] No new deployments since last check.
[2026-02-17T00:43:49.155Z] [INFO] Checking for new deployments...
[2026-02-17T00:43:50.532Z] [INFO] No new deployments since last check.
[2026-02-17T00:44:55.289Z] [INFO] Checking for new deployments...
[2026-02-17T00:44:56.428Z] [INFO] No new deployments since last check.
[2026-02-17T00:44:57.787Z] [INFO] Checking for new deployments...
[2026-02-17T00:44:58.906Z] [INFO] No new deployments since last check.
[2026-02-17T00:45:00.496Z] [INFO] Checking for new deployments...
[2026-02-17T00:45:01.675Z] [INFO] No new deployments since last check.
[2026-02-17T00:58:48.217Z] [INFO] Checking for new deployments...
[2026-02-17T00:58:49.393Z] [INFO] No new deployments since last check.
[2026-02-17T00:59:55.497Z] [INFO] Checking for new deployments...
[2026-02-17T00:59:56.607Z] [INFO] No new deployments since last check.
[2026-02-17T01:00:00.451Z] [INFO] Checking for new deployments...
[2026-02-17T01:00:01.652Z] [INFO] No new deployments since last check.
[2026-02-17T01:13:48.311Z] [INFO] Checking for new deployments...
[2026-02-17T01:13:49.872Z] [INFO] No new deployments since last check.
[2026-02-17T01:14:55.601Z] [INFO] Checking for new deployments...
[2026-02-17T01:14:56.801Z] [INFO] No new deployments since last check.
[2026-02-17T01:15:00.380Z] [INFO] Checking for new deployments...
[2026-02-17T01:15:01.510Z] [INFO] No new deployments since last check.
[2026-02-17T01:28:48.236Z] [INFO] Checking for new deployments...
[2026-02-17T01:28:49.629Z] [INFO] No new deployments since last check.
[2026-02-17T01:29:55.533Z] [INFO] Checking for new deployments...
[2026-02-17T01:29:54.265Z] [INFO] No new deployments since last check.
[2026-02-17T01:29:57.838Z] [INFO] Checking for new deployments...
[2026-02-17T01:29:58.982Z] [INFO] No new deployments since last check.
[2026-02-17T01:30:00.515Z] [INFO] Checking for new deployments...
[2026-02-17T01:30:01.886Z] [INFO] No new deployments since last check.
[2026-02-17T01:43:48.599Z] [INFO] Checking for new deployments...
[2026-02-17T01:43:49.765Z] [INFO] No new deployments since last check.
[2026-02-17T01:44:55.600Z] [INFO] Checking for new deployments...
[2026-02-17T01:44:56.825Z] [INFO] No new deployments since last check.
[2026-02-17T01:45:00.418Z] [INFO] Checking for new deployments...
[2026-02-17T01:45:01.496Z] [INFO] No new deployments since last check.
